Āb Pakhsh=84.3/84.3/84.3
Abadan=67.9/67.9/67.9
Abū Qurqāş=23/23/23
Acaxochitlán=-19.8/-19.8/-19.8
Achinsk=2.9/2.9/2.9
Acomb=65.6/65.6/65.6
Acopiara=3.5/3.5/3.5
Adelfia=-83.5/-83.5/-83.5
Aflao=-49.2/-49.2/-49.2
Afrânio=-72.2/-72.2/-72.2
Afula=-15.5/-15.5/-15.5
Agareb=-43/-43/-43
Agidel=-99.7/-99.7/-99.7
Agliana=-54.1/-54.1/-54.1
Agoué=-91.3/-91.3/-91.3
Ağsu=-19.5/-19.5/-19.5
Aioi=36.7/36.7/36.7
Aira=-76.9/-76.9/-76.9
Ait Ben Daoudi=17/17/17
Akhuryan=-47.9/-47.9/-47.9
Akora=-83.3/-83.3/-83.3
Akure=-46.6/5.5/57.6
Al Khānkah=32.9/32.9/32.9
Al Manşūrah=63.2/63.2/63.2
Al Qurayyā=84.2/84.2/84.2
Alagir=-96.9/-96.9/-96.9
Alcaudete=28.7/30.4/32.1
Alès=6.4/6.4/6.4
Alfafar=-76.6/-76.6/-76.6
Alfonso Castañeda=45/45/45
Aljustrel=-94.5/-94.5/-94.5
Almoloya=-78.8/-14.9/48.9
Altavas=-6.3/-6.3/-6.3
Amatitlán=90.8/90.8/90.8
Ambalarondra=-93.7/-93.7/-93.7
Ambérieu-en-Bugey=-80.1/-80.1/-80.1
Ambinanisakana=-17.7/-17.7/-17.7
Ambohijanaka=46.3/46.3/46.3
Ampasimatera=82.4/82.4/82.4
Ampitasimo=-36.6/-36.6/-36.6
Andalucía=-49.1/-49.1/-49.1
Andraitx=-51/-51/-51
Andranovelona=15.5/15.5/15.5
Änew=-67.3/-67.3/-67.3
Ankavandra=-76.8/-76.8/-76.8
Anorí=76.9/76.9/76.9
Antibes=-72.6/-72.6/-72.6
Antioch=-60.5/-60.5/-60.5
Antsakabary=-91.5/-91.5/-91.5
Antseza=-8.8/-8.8/-8.8
Aquidabã=-36.6/-36.6/-36.6
Ar Rayyān=-74.8/-74.8/-74.8
Ardooie=49.8/49.8/49.8
Arequipa=73.9/73.9/73.9
Argelès-sur-Mer=-77/-77/-77
Arniquet=1.9/1.9/1.9
Arpaçay=-52.5/-52.5/-52.5
Arriaga=-10.7/-10.7/-10.7
As Sarw=88.4/88.4/88.4
Asino=-19.3/-19.3/-19.3
Asmara=90.2/90.2/90.2
Astley=-50.9/-10.2/32.9
Atchison=4.4/4.4/4.4
Atkarsk=-3.7/-3.7/-3.7
Auch=-42.7/-20.1/2.5
Aurora=-8.5/-8.5/-8.5
Az Zāwīyah=-44.1/6.5/57.1
Bad Soden am Taunus=32.9/32.9/32.9
Bādanahatti=-30.1/-30.1/-30.1
Baggao=-3.1/-3.1/-3.1
Bagnolo Mella=-45.5/-45.5/-45.5
Baiji=55.5/55.5/55.5
Balangkas=77.3/77.3/77.3
Baley=-11.7/-11.7/-11.7
Bālugān=15.9/15.9/15.9
Bāmaur=9.9/9.9/9.9
Ban Bueng Kok=27.8/27.8/27.8
Ban Laem=-21.3/-21.3/-21.3
Ban Rawai=14.6/14.6/14.6
Bandar Seri Begawan=-84.8/-12.5/72.5
Bankra=7.8/21.3/34.8
Bansang=56.6/56.6/56.6
Bārah=-3.3/-3.3/-3.3
Baran=99.6/99.6/99.6
Barañáin=-94.4/-94.4/-94.4
Barangka=-1.5/-1.5/-1.5
Bārnia=18.9/18.9/18.9
Barnoldswick=-81/-81/-81
Barra de Santo Antônio=67.7/67.7/67.7
Barru=-22.9/-15.1/-7.4
Bārughutu=-41.7/-41.7/-41.7
Basla=-90.5/-90.5/-90.5
Batad=-78.9/-78.9/-78.9
Batesville=32.3/32.3/32.3
Bayramiç=42.1/48.4/54.7
Bcharré=95.1/95.1/95.1
Beaver Falls=22.6/22.6/22.6
Beixingzhuang=-7/-7/-7
Bela Vista de Minas=-99/-99/-99
Belauncha=-72.7/-72.7/-72.7
Belfort=58.2/58.2/58.2
Beloozërskiy=27.8/27.8/27.8
Bemarivo=-17.6/-17.6/-17.6
Bendrahallī=86.5/86.5/86.5
Berekum=27.5/27.5/27.5
Bergkamen=24.6/24.6/24.6
Beveren=44.6/44.6/44.6
Bhadrakh=40.6/40.6/40.6
Biarritz=93.4/93.4/93.4
Bīdestān=68/68/68
Bihpur=-38.1/-38.1/-38.1
Bijiao=12.2/12.2/12.2
Bilaua=-14.9/-14.9/-14.9
Bilwi=-94.9/-94.9/-94.9
Biougra=21.7/21.7/21.7
Bisee=-17.6/-17.6/-17.6
Blachownia=-62.2/-62.2/-62.2
Blida=39.8/39.8/39.8
Blue Ash=-14.7/38.9/92.5
Boanamary=60.1/60.1/60.1
Bocana de Paiwas=47.3/47.3/47.3
Boha=62.7/62.7/62.7
Bohinjska Bistrica=82.6/82.6/82.6
Bojnūrd=-3.5/-3.5/-3.5
Bom Jardim=-94.6/-94.6/-94.6
Bommayapālaiyam=37.4/37.4/37.4
Borshchiv=-29.6/-29.6/-29.6
Boscotrecase=43/43/43
Bouarouss=49.7/49.7/49.7
Brasília de Minas=-91.8/-91.8/-91.8
Brock Hall=-62.1/-62.1/-62.1
Bulan=-32.3/-32.3/-32.3
Bungoma=36.2/36.2/36.2
Burj al ‘Arab=-2.5/-2.5/-2.5
Byram=-62.5/-62.5/-62.5
Calais=-96.1/-58.1/-28.4
Calasiao=-10.4/-10.4/-10.4
Calera de Tango=95.6/95.6/95.6
Camponogara=83/83/83
Cañete=-36/-36/-36
Capannori=86/86/86
Capoterra=-37.8/-37.8/-37.8
Carcar=97/97/97
Cariamanga=46.2/46.2/46.2
Carrascal=15.1/15.1/15.1
Carúpano=13.9/13.9/13.9
Cascades=-55/-55/-55
Cassino=67.1/67.1/67.1
Castellbisbal=-75.8/-75.8/-75.8
Castelvetrano=91.1/91.1/91.1
Castle Bromwich=-39.3/-39.3/-39.3
Catia La Mar=7/7/7
Cava de’ Tirreni=97.2/97.2/97.2
Cavan Monaghan=91.8/91.8/91.8
Cave=-79.7/-79.7/-79.7
Cayenne=52.8/52.8/52.8
Ceerigaabo=-26.1/-26.1/-26.1
Centereach=98.9/98.9/98.9
Cervignano del Friuli=22.6/22.6/22.6
Cesena=-61.5/-61.5/-61.5
Chacabuco=-39/-39/-39
Chak Habib=84.6/84.6/84.6
Chakwai=63.8/63.8/63.8
Chamgardān=4.1/4.1/4.1
Champādānga=-21.7/-21.7/-21.7
Chancay=-73.6/-73.6/-73.6
Chebba=-84.7/-84.7/-84.7
Chelghoum el Aïd=-82.5/-82.5/-82.5
Chelles=-21.5/-21.5/-21.5
Chenzhou=-59.8/-59.8/-59.8
Chiba=81.9/81.9/81.9
Chiconquiaco=-4.4/-4.4/-4.4
Chimākurti=-39.4/-39.4/-39.4
Chimbarongo=-46.5/-46.5/-46.5
Chinsali=78.3/78.3/78.3
Chipata=81.9/81.9/81.9
Choba=-2.2/-2.2/-2.2
Choszczno=36.1/36.1/36.1
Cidade Gaúcha=-64.6/-64.6/-64.6
Cidade Velha=48.4/48.4/48.4
Cienfuegos=38.5/38.5/38.5
Ciudad de Huitzuco=14.5/14.5/14.5
Ciudad del Plata=35.8/35.8/35.8
Ciudad Guzmán=25/25/25
Ciudad Piar=-85.5/-85.5/-85.5
Clarendon Hills=-10.3/-10.3/-10.3
Cleckheaton=52.9/52.9/52.9
Cluses=-12.8/-12.8/-12.8
Colotenango=56.4/56.4/56.4
Comandante Fontana=13.5/13.5/13.5
Commerce City=70.1/70.1/70.1
Comodoro Rivadavia=-93.1/-93.1/-93.1
Cottage Lake=-89/-89/-89
Črenšovci=-45.2/2.7/50.6
Cubellas=49.3/51/52.7
Cumnock=-85.7/-85.7/-85.7
Đà Lạt=-40.1/-40.1/-40.1
Dagestanskiye Ogni=-51.5/-51.5/-51.5
Dale City=55.2/55.2/55.2
Daloa=37/37/37
Dāmu=-30.1/-30.1/-30.1
Danau Kändimarg=60.4/60.4/60.4
Dearborn=27.9/27.9/27.9
Dedza=-91.3/-91.3/-91.3
Degtyarsk=-83.9/-83.9/-83.9
Delémont=75/75/75
Dembī Dolo=-52.9/-51.7/-50.5
Deodha=4.7/4.7/4.7
Deventer=-58.7/-58.7/-58.7
Dewsbury=61.2/61.2/61.2
Dhanauli=51.8/51.8/51.8
Dharampur Bānde=-11.3/-11.3/-11.3
Dharmastala=46.9/46.9/46.9
Dillenburg=59.7/59.7/59.7
Diósd=10.5/10.5/10.5
Diriamba=-47/-47/-47
Djambala=15/15/15
Dobanovci=-19.5/-19.5/-19.5
Dobrova=13.7/13.7/13.7
Dohta=-19.7/-19.7/-19.7
Dok Kham Tai=1/1/1
Donabagatta=88.8/90.6/92.4
Dondon=-91.8/-91.8/-91.8
Dores de Campos=6.5/6.5/6.5
Douar Bouchfaa=36/36/36
Dračevo=-59.7/-59.7/-59.7
Drapetsóna=97.4/97.4/97.4
Đức Phổ=41.2/41.2/41.2
Dumaguete City=-82.6/-60.2/-37.8
Dunaivtsi=-47.1/-47.1/-47.1
Durrës=-63.4/-63.4/-63.4
Dvůr Králové nad Labem=-77.8/-77.8/-77.8
East Grand Rapids=53.3/53.3/53.3
Echt=4.7/36.7/68.7
Edenvale=-15.2/-15.2/-15.2
Egypt Lake-Leto=-23.9/-23.9/-23.9
Eilendorf=60.9/60.9/60.9
Einbeck=-15.2/-15.2/-15.2
Ekeren=-31/-31/-31
El‘ad=-51.5/-51.5/-51.5
Elektrostal=25.5/25.5/25.5
Ellicott City=-34.7/-34.7/-34.7
Emba=-61.3/-61.3/-61.3
Eppelheim=76.2/76.2/76.2
Eral=30/30/30
Erandio=-14.1/-14.1/-14.1
Eschen=2.8/12.2/21.5
Estepa=-47/-47/-47
Etrotroka=-36.7/-36.7/-36.7
Ettenheim=70.2/70.2/70.2
Fairview Park=-4.2/-4.2/-4.2
Fatehpur Bāla=-55.6/-55.6/-55.6
Felanitx=-93.3/-93.3/-93.3
Fengdeng=25.6/25.6/25.6
Ferney-Voltaire=95.8/95.8/95.8
Figueras=-27.5/-27.5/-27.5
Finglas=69.1/69.1/69.1
Flawil=-47.5/-47.5/-47.5
Flower Mound=22.5/22.5/22.5
Fond des Blancs=4.7/4.7/4.7
Fort Madison=-16.1/-16.1/-16.1
Fort Morgan=8.5/8.5/8.5
Frankfurt (Oder)=-73.9/-73.9/-73.9
Fredericksburg=-18.9/-18.9/-18.9
Frederico Westphalen=-84.5/-71/-57.6
Fresnillo=0.4/0.4/0.4
Fuerte Olimpo=43.5/43.5/43.5
Fujin=-40.4/-40.4/-40.4
Fukuyama=-87.8/-87.8/-87.8
Fürth=48/48/48
Ganguvārpatti=-95.1/-95.1/-95.1
Garhwa=27.1/27.1/27.1
Gaspé=-6.4/-6.4/-6.4
Gawler=-30.7/-30.7/-30.7
Gazojak=38.7/38.7/38.7
Gent=-3.5/-3.5/-3.5
Gerāsh=0/37.2/74.3
Gəncə=-99.3/-99.3/-99.3
Giengen an der Brenz=-9.1/-9.1/-9.1
Gilching=83.1/83.1/83.1
Giria=-47.7/-47.7/-47.7
Giszowiec=69.2/69.2/69.2
Göle=14.9/43.5/72
Gomaringen=-86.1/-86.1/-86.1
Gorleston-on-Sea=72.4/72.4/72.4
Governador Celso Ramos=-52.1/-52.1/-52.1
Grafing bei München=-91.2/-91.2/-91.2
Gran=-98.4/-98.4/-98.4
Grand Rapids=-70/-70/-70
Gravelines=21.3/21.3/21.3
Greeneville=-68.8/-68.8/-68.8
Greentree=79.4/79.4/79.4
Greer=17.5/17.5/17.5
Guácimo=-20.1/-20.1/-20.1
Guangyuan=-84.1/-84.1/-84.1
Guarda=98.6/98.6/98.6
Guática=-80.1/-80.1/-80.1
Gubkinskiy=-20.3/-20.3/-20.3
Guider=-73.3/-73.3/-73.3
Gundi=-1.6/-1.6/-1.6
Gurmaila=47.6/47.6/47.6
Gvardeysk=5.8/5.8/5.8
Gwadar=-24.4/-24.4/-24.4
Gwangmyeongni=-81.1/-81.1/-81.1
Gyöngyös=60.3/60.3/60.3
Hagenow=-78/-78/-78
Hajdúböszörmény=58.2/66.5/74.7
Halden=-56.5/-33.3/-5.4
Halgūr=87.4/87.4/87.4
Halmstad=-56.4/-56.4/-56.4
Hampden=90.2/90.2/90.2
Harelbeke=-12.9/-12.9/-12.9
Harlingen=-23.4/-23.4/-23.4
Hashtgerd=-44/-44/-44
Haskah Mēnah=-27.1/-27.1/-27.1
Hassan Abdal=-84.7/-84.7/-84.7
Hattula=-90.8/-90.8/-90.8
Hawthorn Woods=24.5/24.5/24.5
Heliópolis=-94.1/-94.1/-94.1
Hellendoorn=39.7/39.7/39.7
Hendersonville=-66.8/-66.8/-66.8
Hernani=-10.4/-10.4/-10.4
Herseh Chhīna=-97.8/-97.8/-97.8
Hetton le Hole=94.5/94.5/94.5
Heze=-83/-83/-83
Higashiōmi=-55.7/-55.7/-55.7
Himi=15.3/15.3/15.3
Hindley=-14.7/-14.7/-14.7
Hiramandalam=1/1/1
Hiratsuka=-2.2/-2.2/-2.2
Hlatikulu=-25.2/-25.2/-25.2
Hlinsko=-74/-74/-74
Hollola=-86.5/-86.5/-86.5
Holly Springs=25.1/25.1/25.1
Honeygo=85.7/85.7/85.7
Hoofddorp=13.9/13.9/13.9
Hooksett=44.1/44.1/44.1
Huchuan=-40.4/-40.4/-40.4
Huehuetoca=-93.5/-93.5/-93.5
Hujiachi=78.6/78.6/78.6
Humaitá=-23.3/-23.3/-23.3
Hünenberg=94.3/94.3/94.3
Hương Canh=-17.6/28.6/63
Idrija=-53.1/-53.1/-53.1
Iguape=88.4/88.4/88.4
Iizuka=-36.5/-36.5/-36.5
Illescas=57.3/57.3/57.3
Imarichō-kō=-67.6/-67.6/-67.6
Imouzzer Kandar=65.8/65.8/65.8
İncesu=-20/-20/-20
Ingelmunster=2.6/2.6/2.6
Inhambupe=-99.3/-99.3/-99.3
Ísafjörður=24/24/24
Isla=-13.4/-13.4/-13.4
Islām Qal‘ah=53.3/53.3/53.3
Ispica=6.8/6.8/6.8
Istanbul=-34.3/-34.3/-34.3
Itá=-52.2/-52.2/-52.2
Itaboraí=-18.4/-18.4/-18.4
Ixmiquilpan=-78/-78/-78
Jalārpet=-21.8/-21.8/-21.8
Jāle=88.6/88.6/88.6
Jānakammapeta=17.2/17.2/17.2
Jarocin=83.9/83.9/83.9
Jarrow=-51.9/-51.9/-51.9
Jasper=-54.2/-5.7/42.8
Jaunpur=-43.9/-43.9/-43.9
Jerez de los Caballeros=-38.5/-38.5/-38.5
Jiangna=80.5/80.5/80.5
Jianshe=-97/-97/-97
Jiblah=13.6/13.6/13.6
Jinchang=5.2/5.2/5.2
Jinta=38.9/38.9/38.9
Jiquilisco=25.4/25.4/25.4
José Cardel=-56.3/-56.3/-56.3
Kadlabālu=58/58/58
Kafr al Baţţīkh=11.5/11.5/11.5
Kailahun=-31.1/-31.1/-31.1
Kaintragarh=43.5/43.5/43.5
Kajur=-65.4/-65.4/-65.4
Kalaun=67/67/67
Kaleybar=-26.9/-26.9/-26.9
Kalutara=-29.4/-29.4/-29.4
Kalyazin=-34.9/-34.9/-34.9
Kāmārhāti=26.1/26.1/26.1
Kamatgi=-79.3/3.4/86.1
Karataş=75.8/75.8/75.8
Karghar=-12.5/-12.5/-12.5
Karmaskaly=66.5/66.5/66.5
Kasangulu=1.1/1.1/1.1
Kasterlee=-12.8/-12.8/-12.8
Kathāniān=-27/-27/-27
Kegalle=96.7/96.7/96.7
Kennedy Town=-93.4/-93.4/-93.4
Kerċem=49/49/49
Kewanee=99.1/99.1/99.1
Kigoma=-42.5/-42.5/-42.5
Kiklah=-36/-36/-36
Kilinochchi=-80.9/-80.9/-80.9
Killingworth=-62.4/-14.6/33.2
Kimpese=-65.3/-65.3/-65.3
Kinattukkadavu=-74/-74/-74
Kinnelon=56.5/56.5/56.5
Kirundo=-23.4/-23.4/-23.4
Kislovodsk=92.6/92.6/92.6
Kisoro=-71.1/-71.1/-71.1
Kobo=-47.9/-21.2/5.5
Kochugaon=9.6/9.6/9.6
Kodād=32.9/32.9/32.9
Kodaimangalam=-5.4/-5.4/-5.4
Kodikulam=95.3/95.3/95.3
Koilkuntla=6.1/6.1/6.1
Komatsu=-79.8/-79.8/-79.8
Kondrukota=-36.7/-36.7/-36.7
Koratagere=74.7/74.7/74.7
Korem=63.9/63.9/63.9
Kostopil=-42.9/-42.9/-42.9
Koulikoro=94.1/94.1/94.1
Krasnoznamensk=-94.7/-94.7/-94.7
Ksebia=-1.3/-1.3/-1.3
Kubādupuram=53.8/53.8/53.8
Kulattuppālaiyam=14.9/14.9/14.9
Kuzuculu=-14.8/-14.8/-14.8
Kyŏngju=63.6/63.6/63.6
Kyzyl-Kyya=-5.8/-5.8/-5.8
La Cañada Flintridge=50.5/50.5/50.5
Ladysmith=-73.5/-73.5/-73.5
Lagawe=-51.2/-51.2/-51.2
Lahore=-45.6/-45.6/-45.6
Lāila=-26.1/-26.1/-26.1
Lakeshore=69.4/69.4/69.4
Lakshmīnārāyanapuram=61.3/61.3/61.3
Lamas=96.9/96.9/96.9
Lambertville=-54/-31.1/-8.3
Langenselbold=-97.7/-97.7/-97.7
Lantapan=-75.1/-75.1/-75.1
Las Rosas=4.6/4.6/4.6
Latauna=-39.4/-39.4/-39.4
Lauterbach=-86.3/-86.3/-86.3
Lawrence=42.2/42.2/42.2
Lázaro Cárdenas=31.2/31.2/31.2
Lazdijai=-81.1/-81.1/-81.1
Le Blanc-Mesnil=-31.5/-31.5/-31.5
Le Mans=53.6/53.6/53.6
Lee's Summit=-37.6/-37.6/-37.6
Leiden=-31/-31/-31
Lemay=-15.1/-15.1/-15.1
Leninogorsk=56.2/56.2/56.2
Lennestadt=-78.6/-78.6/-78.6
Leon Valley=-0.5/-0.5/-0.5
Lieksa=2.3/2.3/2.3
Lillebonne=36/36/36
Limonar=-87.5/-87.5/-87.5
Lingampalli=40.8/40.8/40.8
Lipova=68.7/68.7/68.7
Lisle=98.7/98.7/98.7
Littleton=92.2/92.2/92.2
Liuma=27.9/27.9/27.9
Longjumeau=-56.4/-56.4/-56.4
Los Almácigos=82.5/82.5/82.5
Loviisa=-31.3/-31.3/-31.3
Lower Hutt=-55.4/-55.4/-55.4
Lower Swatara=24.6/24.6/24.6
Loyish Shaharchasi=16.3/16.3/16.3
Lozovo=35.1/35.1/35.1
Luocheng=-8.6/-8.6/-8.6
Luzhou=53.9/53.9/53.9
Lyubertsy=-19.2/-19.2/-19.2
Maddela=-50.6/-50.6/-50.6
Madirovalo=-6.3/-6.3/-6.3
Madurai=10.3/10.3/10.3
Mae Sai=16.8/16.8/16.8
Magalang=-88.1/-88.1/-88.1
Mahālgaon=2.4/2.4/2.4
Mahaplag=-81.1/-81.1/-81.1
Mahbūbnagar=-77.2/-77.2/-77.2
Mahitsy=94/94/94
Mahuākherāganj=-71.8/-71.8/-71.8
Mainburg=55.6/55.6/55.6
Majhaul=49.7/49.7/49.7
Makinohara=-48.4/-48.4/-48.4
Malacky=-8.8/-8.8/-8.8
Malta=-59.4/-59.4/-59.4
Manamelkudi=-27.1/-27.1/-27.1
Manandroy=94.8/94.8/94.8
Manaus=8.1/8.1/8.1
Mangindrano=-28.6/-28.6/-28.6
Manne Ekeli=-62.1/-62.1/-62.1
Mannheim=-8.3/-6.6/-4.9
Mantes-la-Jolie=72.7/72.7/72.7
Maracanã=51.4/51.4/51.4
Maracás=43.3/43.3/43.3
Marechal Taumaturgo=-70.8/-70.8/-70.8
Maridi=94.6/94.6/94.6
Marieville=58.9/58.9/58.9
Marijampolė=-6.1/-6.1/-6.1
Market Drayton=-12.8/-12.8/-12.8
Markkleeberg=-63/-63/-63
Markt Schwaben=-69.4/-22.8/23.7
Marlboro Village=-10.7/-10.7/-10.7
Marofinaritra=-65.1/-65.1/-65.1
Maryborough=-31.8/16.3/64.4
Masaurhi Buzurg=-99.7/-99.7/-99.7
Masho Khel=16.2/16.2/16.2
Masindi Port=-63.9/-63.9/-63.9
Maştağa=5.7/15.5/25.2
Masty=-53.5/-53.5/-53.5
Matawan=58.9/58.9/58.9
Mauguio=-16.9/-16.9/-16.9
Mauren=-5.8/-5.8/-5.8
Medicine Hat=80.4/80.4/80.4
Medina del Campo=-54.2/-54.2/-54.2
Melgaço=64.2/64.2/64.2
Menen=53.8/53.8/53.8
Mercedes=-60.2/-60.2/-60.2
Merritt Island=-97/-97/-97
Meuselwitz=-53.7/-53.7/-53.7
Mexicali=-91.3/-91.3/-91.3
Miahuatlán de Porfirio Díaz=-56.2/-56.2/-56.2
Mielec=98.6/98.6/98.6
Mihara=-77.3/-77.3/-77.3
Miraí=-18.9/-18.9/-18.9
Mirdoddi=92.1/92.1/92.1
Mlimba=32.8/32.8/32.8
Mnichovo Hradiště=96.3/96.3/96.3
Mobaye=90.5/90.5/90.5
Mogeiro=-17.7/-17.7/-17.7
Möglingen=24.9/24.9/24.9
Mohelnice=52.7/52.7/52.7
Moineşti=59.1/59.1/59.1
Molalla=-15.3/-15.3/-15.3
Monaghan=-61.4/-61.4/-61.4
Monclova=83.8/83.8/83.8
Monmouth Junction=-38.5/-38.5/-38.5
Montceau-les-Mines=-14.1/-14.1/-14.1
Monteroni di Lecce=-63.8/-63.8/-63.8
Monteux=-39.1/-39.1/-39.1
Montignies-le-Tilleul=68.1/68.1/68.1
Moquegua=6.5/6.5/6.5
Morauna=-53.2/-3.9/45.4
Mosigkau=28.3/28.3/28.3
Mositai=-60.2/-60.2/-60.2
Mount Magnet=65.1/65.1/65.1
Mrakovo=42.5/42.5/42.5
Msaken=7.8/7.8/7.8
Mumford=68.3/68.3/68.3
Munūf=-75.5/-75.5/-75.5
Muragācha=43.4/43.4/43.4
Murehwa=-12.2/-12.2/-12.2
Murray=-78.5/-78.5/-78.5
Murzuq=94.3/94.3/94.3
Myrnohrad=93.4/93.4/93.4
Nabeul=-12.3/-12.3/-12.3
Náchod=83/83/83
Nadikūde=6.6/6.6/6.6
Nahāvand=-14.2/-14.2/-14.2
Nalayh=-5.9/-5.9/-5.9
Nallippālaiyam=-52/-52/-52
Namaacha=83.6/83.6/83.6
Nanqiaotou=-14/-14/-14
Nārāyanpet=-27.8/-27.8/-27.8
Nārnaul=-42.1/-42.1/-42.1
Narwāna=-98/-98/-98
Natitingou=-46.2/-46.2/-46.2
Natonin=39.2/39.2/39.2
Navarro=8/8/8
Neath=14.9/14.9/14.9
Nedumangād=47/47/47
Nehe=-78.2/-78.2/-78.2
Nelson Bay=-49.5/-49.5/-49.5
Netāpur Tānda=2.7/2.7/2.7
Neufahrn bei Freising=72.8/72.8/72.8
Nevinnomyssk=77.2/77.2/77.2
Nevyansk=-87.7/-87.7/-87.7
New Brighton=-18.6/-18.6/-18.6
Nicosia=-77.1/-77.1/-77.1
Niksar=-57.9/-52.2/-46.5
Nizhyn=-44.8/-44.8/-44.8
Noāmundi=20.6/20.6/20.6
Nobeoka=-92.5/-92.5/-92.5
Nohar=39.1/39.1/39.1
Nordvik=29.9/29.9/29.9
Norrtälje=39.4/39.4/39.4
North Hempstead=87.6/87.6/87.6
North Middleton=-92.9/-92.9/-92.9
Norwich=-91.8/-91.8/-91.8
Nova Bassano=-64.7/-64.7/-64.7
Nova Lima=-18.3/-18.3/-18.3
Nova Ubiratã=56.7/56.7/56.7
Nový Jičín=-9.9/-9.9/-9.9
Nowra=-67.5/-67.5/-67.5
Ntara=63.4/63.4/63.4
Nueva Paz=62.9/62.9/62.9
Nuoro=-87.1/-87.1/-87.1
Nyazepetrovsk=6.6/6.6/6.6
Nyzhnia Krynka=-98.7/-98.7/-98.7
Nzega=-23.1/-23.1/-23.1
Oakdale=-1.4/-1.4/-1.4
Obala=21.9/21.9/21.9
Oberstdorf=36.6/36.6/36.6
Ocean Pointe=-4.2/-4.2/-4.2
Ochër=-73.7/-73.7/-73.7
Oegstgeest=29.9/29.9/29.9
Ohangaron=11.9/11.9/11.9
Omuthiya=48.3/48.3/48.3
Onna=-6.2/-6.2/-6.2
Orland Park=-25.9/-25.9/-25.9
Oromocto=-67.5/-67.5/-67.5
Orpington=89.3/89.3/89.3
Oshawa=-33.4/-33.4/-33.4
Ousseltia=-27.9/-27.9/-27.9
Outa Bouabane=36.3/36.3/36.3
Paco=2.4/2.4/2.4
Paināl=-60.1/-60.1/-60.1
Pakokku=-43.1/-43.1/-43.1
Pālakollu=69.2/69.2/69.2
Palankottai=65.4/65.4/65.4
Pālghar=-15.7/-15.7/-15.7
Pālitāna=-80.5/-80.5/-80.5
Palm City=8/8/8
Palmares Paulista=-66.2/-66.2/-66.2
Palmeira das Missões=-75/-75/-75
Pāmūru=-50.8/-50.8/-50.8
Panajachel=-1.8/11.9/25.6
Panying=-50.7/-50.7/-50.7
Parimpūdi=-93.4/-93.4/-93.4
Park Hills=85.4/85.4/85.4
Parsāhi Sirsia=-58.9/-58.9/-58.9
Passagem Franca=-86.1/-86.1/-86.1
Paura Madan Singh=-98.7/-98.7/-98.7
Pedda Kotayalanka=38.9/38.9/38.9
Pegnitz=79.9/79.9/79.9
Penugolanu=2.4/2.4/2.4
Péonga=78.4/78.4/78.4
Periya Pattanam=18.5/18.5/18.5
Péruwelz=88.2/88.2/88.2
Petrovka=-4.4/-4.4/-4.4
Picayune=35.1/35.1/35.1
Pimenta Bueno=-94.7/-11.5/63.6
Pingree Grove=4.5/4.5/4.5
Pinheiral=79.9/79.9/79.9
Piraju=-30.2/-30.2/-30.2
Piskent=-14.2/21.7/57.5
Pithiviers=-27.4/-27.4/-27.4
Plettenberg Bay=-26.6/-26.6/-26.6
Pola de Siero=-70.6/-70.6/-70.6
Ponmana=-85.1/-85.1/-85.1
Ponot=39.8/39.8/39.8
Port Royal=57.8/57.8/57.8
Portland=53.3/53.4/53.4
Porto Feliz=-65.2/-65.2/-65.2
Portugalete=-4.7/-4.7/-4.7
Potenza=55.5/55.5/55.5
Potosí=78.1/78.1/78.1
Pottanūr=23.8/23.8/23.8
Potunūru=-16.1/-16.1/-16.1
Pöytyä=82.8/82.8/82.8
Presidente Bernardes=23.3/23.3/23.3
Presidente Olegário=-1/-1/-1
Princeton Meadows=72.5/72.5/72.5
Puconci=-93/-93/-93
Puerto Vallarta=67.4/67.4/67.4
Pujali=-98.3/-98.3/-98.3
Pullambādi=49.9/49.9/49.9
Qahderījān=-48.1/-48.1/-48.1
Qobustan=46.4/46.4/46.4
Querência do Norte=-99.3/-8.6/82.1
Quilpie=66.7/66.7/66.7
Qulsary=-58.1/-58.1/-58.1
Qusar=-30/-30/-30
Ra’s al Khaymah=-62.4/-62.4/-62.4
Racconigi=-96.6/-96.6/-96.6
Rāmabhadrapuram=-82.1/-82.1/-82.1
Ramabitsa=-94.3/-94.3/-94.3
Ramnagar=-75.1/-75.1/-75.1
Rangra=4.9/4.9/4.9
Rečica=57.8/57.8/57.8
Remígio=-12.9/-12.9/-12.9
Renkum=-56/39.4/92.9
Resende=94.1/94.1/94.1
Ribeirão Branco=-65.9/-65.9/-65.9
Roetgen=-99.7/-99.7/-99.7
Rohnert Park=19.4/19.4/19.4
Rommerskirchen=-56.8/-56.8/-56.8
Rorschach=-17.2/-17.2/-17.2
Roselle=-61.1/-61.1/-61.1
Rosemère=-81.3/-81.3/-81.3
Rucphen=76.5/76.5/76.5
Rudarpur=34.7/51.7/68.7
Rudewa=-67.2/-67.2/-67.2
Rumilly=-19.4/-13.5/-7.7
Rumst=-15.8/-15.8/-15.8
Rustavi=-12.3/-12.3/-12.3
Saco=63.1/63.1/63.1
Săcueni=-24.8/-24.8/-24.8
Saharefo=79.9/79.9/79.9
Sāho=32.8/32.8/32.8
Saint-Georges=-36.8/-36.8/-36.8
Saint-Julien-en-Genevois=-4.2/-4.2/-4.2
Saint-Leu-la-Forêt=42.8/42.8/42.8
Sakubva=-57.6/-57.6/-57.6
Şalpazarı=6.1/6.1/6.1
San Agustín Tlaxiaca=6.6/6.6/6.6
San Andrés del Rabanedo=-69.6/-69.6/-69.6
San Antonio de los Baños=-11.9/-11.9/-11.9
San Bernardo=24.2/24.2/24.2
San Felice Circeo=40.9/40.9/40.9
San Juan Opico=-54.1/-54.1/-54.1
San Miguel Ocotenco=-49.8/-49.8/-49.8
San Pedro de Ribas=-86.1/-86.1/-86.1
San Ramón de la Nueva Orán=1.5/1.5/1.5
San Sebastiano al Vesuvio=54.1/54.1/54.1
San Vendemiano=67.4/67.4/67.4
Sandrandahy=-62.7/-62.7/-62.7
Santa Bárbara=28.9/28.9/28.9
Santa María de Palautordera=1.4/1.4/1.4
Santa Maria di Sala=19.7/19.7/19.7
Santa Sylvina=-6.3/-6.3/-6.3
Santiago Tangamandapio=-96.1/-96.1/-96.1
Santo Antônio do Içá=-26.7/-26.7/-26.7
Sanxing=-94.1/-94.1/-94.1
São Caetano do Sul=-21.6/-21.6/-21.6
Sarapul=-79.3/-79.3/-79.3
Sarauni=-48.6/-48.6/-48.6
Saraunja=80.6/80.6/80.6
Sardinal=66.2/66.2/66.2
Sarlat-la-Canéda=-36/-36/-36
Sauk Village=82.8/82.8/82.8
Savage=-23.7/-23.7/-23.7
Savignano sul Panaro=63.9/63.9/63.9
Sawādah=91.2/91.2/91.2
Scarborough=21/21.3/21.5
Schinnen=72.1/72.1/72.1
Seaside=40.4/40.4/40.4
SeaTac=-43.7/20.3/84.3
Sedan=28.1/28.1/28.1
Sedeh Lanjān=59.6/59.6/59.6
Şefaatlı=19.3/19.3/19.3
Segorbe=94.8/94.8/94.8
Selston=-39.1/-39.1/-39.1
Semuto=-36.6/23.2/82.9
Šentjur=34.8/34.8/34.8
Seoul=-57.7/-44.6/-31.5
Serra do Salitre=60.9/60.9/60.9
Serrinha=24.9/24.9/24.9
Serrolândia=15.1/15.1/15.1
Sertanópolis=86.7/86.7/86.7
Sete Barras=24.5/24.5/24.5
Sevanagala=-35.1/-35.1/-35.1
Severobaykalsk=-71.2/-71.2/-71.2
Seyah Cheshmeh=-5.6/-5.6/-5.6
Shah Latif Town=-26.2/-26.2/-26.2
Shahbā=69.7/69.7/69.7
Shaler=-58.8/-58.8/-58.8
Shamaldy-Say=-10.9/-10.9/-10.9
Shamva=10.9/53.6/96.3
Sharbaqty=-1.5/-1.5/-1.5
Shariff Aguak=-90.2/-0.1/90
Shchigry=-55.6/-55.6/-55.6
Shencottah=72.9/72.9/72.9
Sheybān=-59.7/-59.7/-59.7
Shibushi=-80.5/-80.5/-80.5
Sidmouth=18.8/18.8/18.8
Sierra Vista=-68.1/11.1/90.3
Sihaul=-13.7/-13.7/-13.7
Silea=-92.8/-92.8/-92.8
Silver Spring=-0.2/-0.2/-0.2
Simões=69.8/69.8/69.8
Sinendé=-52.2/-52.2/-52.2
Singanamane=99.6/99.6/99.6
Sinop=-1.8/-1.8/-1.8
Sint-Job-in-’t-Goor=-67.2/-67.2/-67.2
Sint-Niklaas=70.8/70.8/70.8
Siófok=18.9/18.9/18.9
Sipalay=-3.8/-3.8/-3.8
Siping=-6.1/-6.1/-6.1
Sipocot=-31.8/-31.8/-31.8
Sironj=-2.6/-2.6/-2.6
Sītāmarhi=86/86/86
Skierniewice=-87.5/-87.5/-87.5
Soatanana=11.2/11.2/11.2
Soddy-Daisy=23.7/23.7/23.7
Sonāmukhi=51.3/51.3/51.3
Sopur=-39.3/-39.3/-39.3
Sortland=62.9/62.9/62.9
Sotik Post=28.7/32.5/36.2
Spanish Springs=-11/-11/-11
Speedway=-69.6/-69.6/-69.6
Spelle=-99.6/-99.6/-99.6
Srebrenik=-67.4/-67.4/-67.4
St. Peters=-70.1/-25.4/19.2
Stade=42.8/42.8/42.8
Stari Trg=-7.6/-7.6/-7.6
Starobilsk=-97/-97/-97
Stepney=-68/-68/-68
Stevens Point=-53.5/-28.1/-2.8
Štúrovo=-15.5/-15.5/-15.5
Sülüktü=38.8/38.8/38.8
Sumbal=51.6/51.6/51.6
Sungai Penuh=-10.9/-10.9/-10.9
Sunjiayan=19.1/19.1/19.1
Sunland Park=47.4/47.4/47.4
Surubim=11.9/11.9/11.9
Sydney=86.3/86.3/86.3
Taché=-64.1/-64.1/-64.1
Tacurong=48.5/48.5/48.5
Tādpatri=56.5/56.5/56.5
Tahannawt=18.1/23.2/28.2
Taitung=-26.6/-26.6/-26.6
Takhli=39.7/39.7/39.7
Talghar=-2.2/-2.2/-2.2
Tamandaré=-14.3/-14.3/-14.3
Tanagura=-65.6/-65.6/-65.6
Tangdukou=98.6/98.6/98.6
Tanjung Selor=3.3/3.3/3.3
Taouloukoult=8/8/8
Tapa=-53.3/-53.3/-53.3
Tapas=42.8/42.8/42.8
Tarnobrzeg=44.6/44.6/44.6
Tashir=-47.4/-47.4/-47.4
Tayga=23.1/23.1/23.1
Tchitato=56/56/56
Teguise=-34.3/-34.3/-34.3
Télimélé=2.2/2.2/2.2
Temuco=88.5/88.5/88.5
Teófilo Otoni=-20.9/-20.9/-20.9
Tepetitlan=-38.7/-38.7/-38.7
Terenos=-95.7/-95.7/-95.7
Ternopil=3/3/3
Tha Bo=39.3/39.3/39.3
Thetford Mines=-36.8/-36.8/-36.8
Thị Trấn Mậu A=-63.1/-63.1/-63.1
Tholen=-56/-56/-56
Thornbury=28.1/28.1/28.1
Tianchang=7.5/7.5/7.5
Tiffin=-44.8/-20.1/4.6
Tillabéri=99.6/99.6/99.6
Timmins=29.2/29.2/29.2
Tīrān=35.2/35.2/35.2
Tirebolu=93.4/93.4/93.4
Tiwi=-4.5/-4.5/-4.5
Tonantins=-27.4/-27.4/-27.4
Tongjin=99.7/99.7/99.7
Tongliao=-60.8/-60.8/-60.8
Tönisvorst=24.5/24.5/24.5
Torit=53.5/53.5/53.5
Torrelavega=71.6/71.6/71.6
Tosya=56/56/56
Touwu=-81.7/-73.3/-64.9
Tradate=7.7/7.7/7.7
Tranovaho=-50.2/-50.2/-50.2
Tranquebar=64.4/64.4/64.4
Traunstein=-3.9/-3.9/-3.9
Trbovlje=-51.9/-51.9/-51.9
Trindade=-44.6/-44.6/-44.6
Třinec=66.8/66.8/66.8
Tromsø=-16.4/-16.4/-16.4
Trostberg an der Alz=66.3/66.3/66.3
Tucson=-5.7/-5.7/-5.7
Tumbippādi=11.8/11.8/11.8
Turnhout=76.1/76.1/76.1
Tururu=-64.1/-64.1/-64.1
Tuzantán=-59.2/-59.2/-59.2
Uarini=22.7/22.7/22.7
Ubud=59.6/59.6/59.6
Udine=45.7/45.7/45.7
Uetersen=46.7/46.7/46.7
Umarga=96.6/96.6/96.6
University City=-9.8/-9.8/-9.8
Unzen=-16.6/-16.6/-16.6
Ushuaia=78.1/78.1/78.1
Usumatlán=16.9/16.9/16.9
Uyo=98.6/98.6/98.6
Valera=-65.3/-65.3/-65.3
Vallentuna=56.1/56.1/56.1
Vallières=-18.2/-18.2/-18.2
Vargem Alta=19.4/19.4/19.4
Vasilevo=44.1/44.1/44.1
Vatutine=57.3/57.3/57.3
Velingrad=-84.3/-84.3/-84.3
Velykyi Bychkiv=63.9/63.9/63.9
Vera=37.6/37.6/37.6
Vettavalam=-19.6/-19.6/-19.6
Vettweiß=59.2/59.2/59.2
Vidisha=23.7/23.7/23.7
Vieira do Minho=-91.8/-91.8/-91.8
Villa Constitución=-92.2/-92.2/-92.2
Villa Juárez=-91.2/-91.2/-91.2
Villa María=72.9/72.9/72.9
Ville Bonheur=-19/-19/-19
Vīrakeralam=55.1/55.1/55.1
Viramgām=22.5/22.5/22.5
Vire=86.1/86.1/86.1
Virei=36.3/36.3/36.3
Viškovo=95.2/95.2/95.2
Volgodonsk=68.9/68.9/68.9
Vrbas=0/0/0
Vulcan=-37.6/-37.6/-37.6
Wabash=90.9/90.9/90.9
Wadgassen=-41.3/27.6/96.5
Wakō=19/19/19
Waldenbuch=-94.2/-94.2/-94.2
Waldkraiburg=6.9/6.9/6.9
Wancheng=94/94/94
Wappinger=-23.7/-23.7/-23.7
Warder=-92.9/-92.9/-92.9
Wellesley=68.5/68.5/68.5
Wells Branch=-57.8/-57.8/-57.8
West Bridgford=-52.6/-52.6/-52.6
West New York=73.5/73.5/73.5
Westerkappeln=-91.8/-91.8/-91.8
Wieluń=-90.4/-40.6/9.2
Woodlesford=-66.6/-66.6/-66.6
Woodmoor=34.8/34.8/34.8
Woods Cross=-35.6/-35.6/-35.6
World Golf Village=-96.2/-96.2/-96.2
Xaafuun=-95.7/-95.7/-95.7
Xambioá=61.3/61.3/61.3
Xiamen=96.2/96.2/96.2
Yakınca=-35.1/-35.1/-35.1
Yangzhou=75.5/75.5/75.5
Yapraklı=-54.9/-54.9/-54.9
Yengema=-66.9/-66.9/-66.9
Yoichi=12.8/12.8/12.8
Zabaykalsk=3.9/3.9/3.9
Zaō=-29.3/-29.3/-29.3
Zaporizhzhia=37.6/37.6/37.6
Zarraga=-67.7/10.6/89
Zhangguzhuang=32.8/32.8/32.8
Znamensk=33.4/33.4/33.4
Zongshizhuang=48.9/48.9/48.9
Zyryanka=-47/-47/-47
